// Jest Snapshot v1, https://goo.gl/fbAQLP

exports[`Authenticate should authenticate 1`] = `
Object {
  "message": "Autenticado com sucesso",
  "token": "FROZEN-TOKEN",
}
`;
